receivers:
- name: ""
  jira_configs:
  - api_url: http://example.com
    project: foo
templates: []
